Verbosity level can be increased via `-v, -vv, or -vvv` option
Collected 5 tests

Processing test_native_duration_formatter in native environment
--------------------------------------------------------------------------------
Building...
Testing...
test\test_native_duration_formatter\test_main.cpp:132: test_arduino_string_basic	[PASSED]
test\test_native_duration_formatter\test_main.cpp:133: test_arduino_string_int_conversion	[PASSED]
test\test_native_duration_formatter\test_main.cpp:134: test_arduino_string_concat	[PASSED]
test\test_native_duration_formatter\test_main.cpp:137: test_format_zero_returns_zeros	[PASSED]
test\test_native_duration_formatter\test_main.cpp:138: test_format_negative_returns_zeros	[PASSED]
test\test_native_duration_formatter\test_main.cpp:139: test_format_double_digit_seconds	[PASSED]
test\test_native_duration_formatter\test_main.cpp:140: test_format_exactly_one_minute	[PASSED]
test\test_native_duration_formatter\test_main.cpp:141: test_current_impl_has_seconds_suffix_bug	[PASSED]
test\test_native_duration_formatter\test_main.cpp:142: test_fixed_impl_single_digit_seconds	[PASSED]
test\test_native_duration_formatter\test_main.cpp:143: test_fixed_impl_one_second	[PASSED]
test\test_native_duration_formatter\test_main.cpp:144: test_fixed_impl_nine_seconds	[PASSED]
test\test_native_duration_formatter\test_main.cpp:145: test_fixed_impl_ten_seconds	[PASSED]
test\test_native_duration_formatter\test_main.cpp:146: test_format_large_duration	[PASSED]
------- native:test_native_duration_formatter [PASSED] Took 3.84 seconds -------

Processing test_native_irrigation_zone in native environment
--------------------------------------------------------------------------------
Building...
Testing...
test\test_native_irrigation_zone\test_main.cpp:153: test_timer_inactive_returns_zero	[PASSED]
test\test_native_irrigation_zone\test_main.cpp:154: test_timer_full_duration	[PASSED]
test\test_native_irrigation_zone\test_main.cpp:155: test_timer_half_elapsed	[PASSED]
test\test_native_irrigation_zone\test_main.cpp:156: test_timer_expired_clamped	[PASSED]
test\test_native_irrigation_zone\test_main.cpp:157: test_timer_large_elapsed_no_underflow	[PASSED]
test\test_native_irrigation_zone\test_main.cpp:158: test_timer_with_offset	[PASSED]
test\test_native_irrigation_zone\test_main.cpp:161: test_format_zero	[PASSED]
test\test_native_irrigation_zone\test_main.cpp:162: test_format_01_03	[PASSED]
test\test_native_irrigation_zone\test_main.cpp:163: test_format_05_00	[PASSED]
test\test_native_irrigation_zone\test_main.cpp:164: test_format_05_30	[PASSED]
test\test_native_irrigation_zone\test_main.cpp:165: test_format_single_digit_seconds	[PASSED]
test\test_native_irrigation_zone\test_main.cpp:166: test_format_00_59	[PASSED]
test\test_native_irrigation_zone\test_main.cpp:167: test_format_60_00	[PASSED]
test\test_native_irrigation_zone\test_main.cpp:168: test_format_negative	[PASSED]
-------- native:test_native_irrigation_zone [PASSED] Took 2.48 seconds --------

Processing test_native_mqtt_lwt in native environment
--------------------------------------------------------------------------------
Building...
Testing...
test\test_native_mqtt_lwt\test_main.cpp:261: test_lwt_offline_payload_string	[PASSED]
test\test_native_mqtt_lwt\test_main.cpp:262: test_lwt_online_payload_string	[PASSED]
test\test_native_mqtt_lwt\test_main.cpp:263: test_lwt_payloads_are_different	[PASSED]
test\test_native_mqtt_lwt\test_main.cpp:266: test_lwt_topic_format_structure	[PASSED]
test\test_native_mqtt_lwt\test_main.cpp:267: test_lwt_topic_with_different_device_names	[PASSED]
test\test_native_mqtt_lwt\test_main.cpp:270: test_lwt_qos_level_1	[PASSED]
test\test_native_mqtt_lwt\test_main.cpp:271: test_lwt_retain_flag_enabled	[PASSED]
test\test_native_mqtt_lwt\test_main.cpp:272: test_lwt_parameters_are_correct	[PASSED]
test\test_native_mqtt_lwt\test_main.cpp:275: test_lwt_prevents_stale_online_status	[PASSED]
test\test_native_mqtt_lwt\test_main.cpp:276: test_lwt_enables_failover_automation	[PASSED]
test\test_native_mqtt_lwt\test_main.cpp:277: test_lwt_improves_reliability	[PASSED]
test\test_native_mqtt_lwt\test_main.cpp:280: test_lwt_topic_buffer_no_overflow_minimal_name	[PASSED]
test\test_native_mqtt_lwt\test_main.cpp:281: test_lwt_topic_buffer_no_overflow_long_name	[PASSED]
test\test_native_mqtt_lwt\test_main.cpp:282: test_lwt_payload_strings_immutable	[PASSED]
test\test_native_mqtt_lwt\test_main.cpp:285: test_phase_5_2_implementation_checklist	[PASSED]
test\test_native_mqtt_lwt\test_main.cpp:286: test_phase_5_2_mqtt_reliability_improvement	[PASSED]
test\test_native_mqtt_lwt\test_main.cpp:287: test_phase_5_2_critical_for_production	[PASSED]
------------ native:test_native_mqtt_lwt [PASSED] Took 2.50 seconds ------------

Processing test_native_mqtt_session_manager in native environment
--------------------------------------------------------------------------------
Building...
Testing...
pio : [WinError 4551] Eine Anwendungssteuerungsrichtlinie hat diese Datei 
blockiert
In Zeile:1 Zeichen:1
+ pio test -e native 2>&1 > test_output.txt; Get-Content test_output.tx ...
+ ~~~~~~~~~~~~~~~~~~~~~~~~~~~~~~~~~~~~~~~~~
    + CategoryInfo          : NotSpecified: ([WinError 4551]...Datei blockiert 
   :String) [], RemoteException
    + FullyQualifiedErrorId : NativeCommandError
 
----- native:test_native_mqtt_session_manager [ERRORED] Took 1.54 seconds -----

Processing test_native_trace_logging in native environment
--------------------------------------------------------------------------------
Building...
Testing...
test\test_native_trace_logging\test_main.cpp:157: test_trace_level_logs_at_trace	[PASSED]
test\test_native_trace_logging\test_main.cpp:158: test_info_not_logged_when_debug_configured	[PASSED]
test\test_native_trace_logging\test_main.cpp:159: test_trace_not_logged_when_debug_configured	[PASSED]
test\test_native_trace_logging\test_main.cpp:160: test_debug_logs_at_debug_level	[PASSED]
test\test_native_trace_logging\test_main.cpp:161: test_error_logs_when_info_configured	[PASSED]
test\test_native_trace_logging\test_main.cpp:164: test_prefix_trace	[PASSED]
test\test_native_trace_logging\test_main.cpp:165: test_prefix_debug	[PASSED]
test\test_native_trace_logging\test_main.cpp:166: test_prefix_info	[PASSED]
test\test_native_trace_logging\test_main.cpp:167: test_prefix_error	[PASSED]
test\test_native_trace_logging\test_main.cpp:168: test_prefix_unknown_defaults_to_log	[PASSED]
test\test_native_trace_logging\test_main.cpp:171: test_all_levels_log_at_trace_level	[PASSED]
test\test_native_trace_logging\test_main.cpp:172: test_only_error_logs_at_error_level	[PASSED]
test\test_native_trace_logging\test_main.cpp:173: test_none_level_blocks_all_logs	[PASSED]
--------- native:test_native_trace_logging [PASSED] Took 2.77 seconds ---------

=================================== SUMMARY ===================================
Environment    Test                              Status    Duration
-------------  --------------------------------  --------  ------------
native         test_native_duration_formatter    PASSED    00:00:03.844
native         test_native_irrigation_zone       PASSED    00:00:02.475
native         test_native_mqtt_lwt              PASSED    00:00:02.503
native         test_native_mqtt_session_manager  ERRORED   00:00:01.539
native         test_native_trace_logging         PASSED    00:00:02.769
================= 58 test cases: 57 succeeded in 00:00:13.130 =================
